// Jest Snapshot v1, https://goo.gl/fbAQLP

exports[`Layout Component renders correctly and matches the snapshot 1`] = `null`;
