// Jest Snapshot v1, https://goo.gl/fbAQLP

exports[`<Layout /> renders correctly and matches the snapshot 1`] = `
<RNCSafeAreaProvider
  onInsetsChange={[Function]}
  style={
    [
      {
        "flex": 1,
      },
      undefined,
    ]
  }
>
  <View
    collapsable={false}
    pointerEvents="box-none"
    style={
      {
        "flex": 1,
      }
    }
  >
    <RNCSafeAreaView
      edges={
        {
          "bottom": "additive",
          "left": "additive",
          "right": "additive",
          "top": "additive",
        }
      }
      style={
        {
          "flex": 1,
        }
      }
    >
      <View
        style={
          [
            {
              "backgroundColor": "#FFFFFF",
              "elevation": 2,
              "paddingHorizontal": 0,
              "paddingTop": 0,
              "zIndex": 1,
            },
            {},
            {
              "shadowColor": "#000000",
              "shadowOffset": {
                "height": 0.75,
                "width": 0,
              },
              "shadowOpacity": 0.24,
              "shadowRadius": 1.5,
            },
          ]
        }
        testID="appbar-header-root-layer"
      >
        <View
          collapsable={false}
          style={
            {
              "backgroundColor": "#FFFFFF",
              "height": 60,
              "shadowColor": "#000",
              "shadowOffset": {
                "height": 0,
                "width": 0,
              },
              "shadowOpacity": 0,
              "shadowRadius": 0,
            }
          }
          testID="appbar-header-outer-layer"
        >
          <View
            collapsable={false}
            style={
              {
                "alignItems": "center",
                "backgroundColor": "#FFFFFF",
                "flex": 1,
                "flexDirection": "row",
                "justifyContent": "space-between",
                "paddingBottom": undefined,
                "paddingHorizontal": 4,
                "paddingLeft": undefined,
                "paddingRight": undefined,
                "paddingTop": undefined,
                "shadowColor": "#000",
                "shadowOffset": {
                  "height": 0,
                  "width": 0,
                },
                "shadowOpacity": 0,
                "shadowRadius": 0,
              }
            }
            testID="appbar-header"
          >
            <View
              accessibilityState={
                {
                  "busy": undefined,
                  "checked": undefined,
                  "disabled": undefined,
                  "expanded": undefined,
                  "selected": undefined,
                }
              }
              accessibilityValue={
                {
                  "max": undefined,
                  "min": undefined,
                  "now": undefined,
                  "text": undefined,
                }
              }
              accessible={true}
              collapsable={false}
              focusable={false}
              onClick={[Function]}
              onResponderGrant={[Function]}
              onResponderMove={[Function]}
              onResponderRelease={[Function]}
              onResponderTerminate={[Function]}
              onResponderTerminationRequest={[Function]}
              onStartShouldSetResponder={[Function]}
              style={
                {
                  "opacity": 1,
                }
              }
            >
              <Image
                source="Notation_Logo.png"
                style={
                  {
                    "borderRadius": 20,
                    "height": 100,
                    "resizeMode": "contain",
                    "width": 100,
                  }
                }
              />
            </View>
            <View
              style={
                {
                  "flex": 1,
                }
              }
            />
            <View
              collapsable={false}
              style={
                {
                  "backgroundColor": "transparent",
                  "borderRadius": 22,
                  "height": 44,
                  "margin": 6,
                  "shadowColor": "#000",
                  "shadowOffset": {
                    "height": 0,
                    "width": 0,
                  },
                  "shadowOpacity": 0,
                  "shadowRadius": 0,
                  "width": 44,
                }
              }
              testID="icon-button-container-outer-layer"
            >
              <View
                collapsable={false}
                style={
                  {
                    "backgroundColor": "transparent",
                    "borderColor": "rgba(121, 116, 126, 1)",
                    "borderRadius": 22,
                    "borderWidth": 0,
                    "elevation": 0,
                    "flex": 1,
                    "overflow": "hidden",
                    "shadowColor": "#000",
                    "shadowOffset": {
                      "height": 0,
                      "width": 0,
                    },
                    "shadowOpacity": 0,
                    "shadowRadius": 0,
                  }
                }
                testID="icon-button-container"
              >
                <View
                  accessibilityComponentType="button"
                  accessibilityRole="button"
                  accessibilityState={
                    {
                      "busy": undefined,
                      "checked": undefined,
                      "disabled": false,
                      "expanded": undefined,
                      "selected": undefined,
                    }
                  }
                  accessibilityTraits="button"
                  accessibilityValue={
                    {
                      "max": undefined,
                      "min": undefined,
                      "now": undefined,
                      "text": undefined,
                    }
                  }
                  accessible={true}
                  centered={true}
                  collapsable={false}
                  focusable={true}
                  hitSlop={
                    {
                      "bottom": 6,
                      "left": 6,
                      "right": 6,
                      "top": 6,
                    }
                  }
                  onBlur={[Function]}
                  onClick={[Function]}
                  onFocus={[Function]}
                  onResponderGrant={[Function]}
                  onResponderMove={[Function]}
                  onResponderRelease={[Function]}
                  onResponderTerminate={[Function]}
                  onResponderTerminationRequest={[Function]}
                  onStartShouldSetResponder={[Function]}
                  style={
                    [
                      {
                        "overflow": "hidden",
                      },
                      [
                        {
                          "alignItems": "center",
                          "flexGrow": 1,
                          "justifyContent": "center",
                        },
                        undefined,
                      ],
                    ]
                  }
                  testID="icon-button"
                >
                  <View
                    style={
                      [
                        {
                          "alignItems": "center",
                          "justifyContent": "center",
                        },
                        {
                          "height": 28,
                          "width": 28,
                        },
                      ]
                    }
                  >
                    <View
                      collapsable={false}
                      style={
                        {
                          "bottom": 0,
                          "left": 0,
                          "opacity": 1,
                          "position": "absolute",
                          "right": 0,
                          "top": 0,
                          "transform": [
                            {
                              "rotate": "0deg",
                            },
                          ],
                        }
                      }
                      testID="cross-fade-icon-current"
                    >
                      <Text
                        accessibilityElementsHidden={true}
                        allowFontScaling={false}
                        importantForAccessibility="no-hide-descendants"
                        pointerEvents="none"
                        selectable={false}
                        style={
                          [
                            {
                              "color": "#5f6368",
                              "fontSize": 28,
                            },
                            [
                              {
                                "lineHeight": 28,
                                "transform": [
                                  {
                                    "scaleX": 1,
                                  },
                                ],
                              },
                              {
                                "backgroundColor": "transparent",
                              },
                            ],
                            {
                              "fontFamily": "material-community",
                              "fontStyle": "normal",
                              "fontWeight": "normal",
                            },
                            {},
                          ]
                        }
                      >
                        ó°•’
                      </Text>
                    </View>
                  </View>
                </View>
              </View>
            </View>
          </View>
        </View>
      </View>
      Slot
    </RNCSafeAreaView>
  </View>
</RNCSafeAreaProvider>
`;
